// Jest Snapshot v1, https://goo.gl/fbAQLP

exports[`library fixture build with shikaka 1`] = `
"Used script: node cli.js src/index.js --out-dir test/fixtures/library/dist --root-dir test/fixtures/library --replace.VERSION 1.0.0

Directory tree:

library
  dist
    Button.js
    Footer.js
    Modal.js
    index.js
    styles.css
  package.json
  src
    components
      Button
        index.js
        index.module.css
      Footer
        index.js
        index.module.less
      Modal
        index.js
        index.module.scss
    index.js
"
`;

exports[`library fixture build with shikaka 2`] = `6`;
